// Jest Snapshot v1, https://goo.gl/fbAQLP

exports[`Cities list correctly renders 1`] = `
<ul
  className="locations__list tabs__list"
>
  <City
    city={
      Object {
        "location": Object {
          "latitude": 11,
          "longitude": 22,
          "zoom": 10,
        },
        "name": "Paris",
      }
    }
  />
  <City
    city={
      Object {
        "location": Object {
          "latitude": 11,
          "longitude": 22,
          "zoom": 10,
        },
        "name": "Brussels",
      }
    }
  />
  <City
    city={
      Object {
        "location": Object {
          "latitude": 11,
          "longitude": 22,
          "zoom": 10,
        },
        "name": "Amsterdam",
      }
    }
  />
</ul>
`;
